=== [34mTest Reports[39m
FORMAT  FILE
──────  ────────────────────────────────────────────────────────────
txt     /home/ubuntu/MyProject/test-result.txt
junit   /home/ubuntu/MyProject/test-result-7075g00004y4pk2-junit.xml
json    /home/ubuntu/MyProject/test-result-7075g00004y4pk2.json
json    /home/ubuntu/MyProject/test-result-codecoverage.json

=== [34mApex Code Coverage[39m
ID                  NAME         % COVERED  UNCOVERED LINES
──────────────────  ───────────  ─────────  ───────────────
01p5g00000igNGOAA2  Temperature  [32m100%[39m

=== [34mTest Results[39m
TEST NAME                     OUTCOME  MESSAGE  RUNTIME (MS)
────────────────────────────  ───────  ───────  ────────────
TemperatureTest.warmTempTest  [32mPass[39m              11

=== [34mTest Summary[39m
NAME                 VALUE
───────────────────  ───────────────────────────────────────────
Outcome              Passed
Tests Ran            1
Passing              1
Failing              0
Skipped              0
Pass Rate            100%
Fail Rate            0%
Test Start Time      Nov 4, 2022 5:58 AM
Test Execution Time  11 ms
Test Total Time      11 ms
Command Time         5784 ms
Hostname             https://infosys52-dev-ed.my.salesforce.com
Org Id               00D5g00000KDpVGEA1
Username             98gu@infy.com
Test Run Id          7075g00004y4pk2
User Id              0055g00000HkcCjAAJ
Test Run Coverage    100%
Org Wide Coverage    100%

